


BusyBox v1.30.1 () built-in shell (ash)

o         o o         o ooooooooo  ooooooooo ooooooooo               o
o        o  oo        o o        o     o         o                   o
o       o   o o       o o        o     o         o                   o
o      o    o  o      o o        o     o         o                   o
o     o     o   o     o ooooooooo      o         o       oo     oo   o
o    o      o    o    o o              o         o      o  o   o  o  oooooo
o   o       o     o   o o              o         o     o    o o      o     o
o  o        o      o  o o              o         o     oooooo o      o     o
o o         o       o o o              o         o     o      o      o     o
oo          o        oo o              o         o      o  o   o  o  o     o
o           o         o o              o         o       oo     oo   o     o
root@VNPT:/# 
root@VNPT:/# 
root@VNPT:/# 
root@VNPT:/# 
root@VNPT:/# cat /sys/class/net/eth0/address
a4:f4:c2:0b:42:2e
root@VNPT:/# 
root@VNPT:/# ifconfig br-lan 192.168.88.1
root@VNPT:/# 
root@VNPT:/# netmask 255.255.255.0 up
/bin/ash: netmask: not found
root@VNPT:/# 
root@VNPT:/# wifi down
[  340.087092] mc_detach: disabled snooping on br-lan.
qcawificfg80211 disable radio wifi0
[  340.226804] device ath0 left promiscuous mode
[  340.226941] br-lan: port 2(ath0) entered disabled state
OK
[  340.303178] wlan: [0:E:ANY] ol_peer_delete_response_event_handler: peer_del_resp: mac: a4:f4:c2:0b:42:2f vdevid: 0 Unable to find vdev
[  341.298692] wlan: [2012:E:NSS] [nss-wifili]: sending soc stop message to NSS
[  341.798955] wlan: [2012:E:NSS] [nss-wifili]: calling pdev de-attach with id 0 
[  341.803970] wlan: [2012:E:NSS] nss-wifili: Free Host Pool Memory
[  341.808340] cnss[2]: INFO: Sending mode message, mode: OFF(4), state: 0x7
[  341.813165] wlan: [2012:E:NSS] [nss-wifili]: stop ERROR - Null nss context
[  341.813181] cnss[2]: INFO: QMI WLFW service disconnected, state: 0x26
[  341.942946] remoteproc remoteproc1: q6v5_wcss_userpd1 wcss powered down successfully
[  341.942978] remoteproc remoteproc1: stopped remote processor q6v5_wcss_userpd1
qcawificfg80211 disable radio wifi1
[  342.086832] device ath1 left promiscuous mode
[  342.086964] br-lan: port 3(ath1) entered disabled state
OK
[  342.163017] wlan: [0:E:ANY] ol_peer_delete_response_event_handler: peer_del_resp: mac: a4:f4:c2:0b:42:30 vdevid: 0 Unable to find vdev
[  343.159958] wlan: [2072:E:NSS] [nss-wifili]: sending soc stop message to NSS
[  343.660238] wlan: [2072:E:NSS] [nss-wifili]: calling pdev de-attach with id 0 
[  343.665057] wlan: [2072:E:NSS] nss-wifili: Free Host Pool Memory
[  343.670509] cnss[41]: INFO: Sending mode message, mode: OFF(4), state: 0x7
[  343.674624] wlan: [2072:E:NSS] [nss-wifili]: stop ERROR - Null nss context
[  343.674664] cnss[41]: INFO: QMI WLFW service disconnected, state: 0x26
[  343.849651] remoteproc remoteproc2: stopped remote processor q6v5_wcss_userpd2
[  343.849711] cnss[41]: INFO: Freeing BAR Info for QCN6122_1
[  343.871307] remoteproc remoteproc0: stopped remote processor cd00000.qcom_q6v5_wcss
device: wifi0 vifs: cfg023579
device: wifi1 vifs: cfg043579
root@VNPT:/# 
root@VNPT:/# rmmod wifi_3_0
[  344.182414] wlan: [2114:E:NSS] [nss-wifili]: stop ERROR - Null nss context
[  344.182509] wlan: [2114:E:QLD] qld_register: Handle or address is NULL
[  344.246700] PCIe: User of event deregistration is NULL
[  344.286698] wlan: [2114:E:WMI] wmi_unified_unregister_event_handler: Event id 55 is unavailable
[  344.286735] wlan: [2114:I:MSCS] qca_mscs_module_deinit: 
[  344.286735] ****QCA MSCS De-Initialization Done**** SoC 88180480
[  344.294215] wlan: [2114:E:WMI] wmi_unified_unregister_event_handler: Event id 141 is unavailable
[  344.305708] wlan: [2114:E:WMI] wmi_unified_unregister_event_handler: Event id 137 is unavailable
[  344.336542] wlan: [2114:E:NSS] [nss-wifili]: stop ERROR - Null nss context
[  344.336623] wlan: [2114:E:QLD] qld_register: Handle or address is NULL
[  344.436621] PCIe: User of event deregistration is NULL
[  344.466646] wlan: [2114:E:WMI] wmi_unified_unregister_event_handler: Event id 55 is unavailable
[  344.466692] wlan: [2114:E:WMI] wmi_unified_unregister_event_handler: Event id 141 is unavailable
[  344.474162] wlan: [2114:E:WMI] wmi_unified_unregister_event_handler: Event id 137 is unavailable
root@VNPT:/# 
root@VNPT:/# rmmod qca_ol
root@VNPT:/# 
root@VNPT:/# insmod qca_ol testmode=1
[  345.592010] mc_attach: enabled snooping on br-lan.
root@VNPT:/# 
root@VNPT:/# insmod wifi_3_0
[  346.260767] remoteproc remoteproc0: powering up cd00000.qcom_q6v5_wcss
[  346.296553] remoteproc remoteproc0: Booting fw image IPQ5018/q6_fw.mdt, size 1820
[  348.852050] Subsystem error monitoring/handling services are up
[  348.852356] remoteproc remoteproc0: remote processor cd00000.qcom_q6v5_wcss is now up
[  348.852630] rpmsg_dev_probe: No pm domain
[  348.853102] rpmsg_dev_probe: No pm domain
[  348.868822] remoteproc remoteproc1: powering up q6v5_wcss_userpd1
[  348.880838] q6v5_wcss_userpd1 wcss powered up successfully
[  348.882767] Subsystem error monitoring/handling services are up
[  348.884342] cnss[2]: INFO: QMI WLFW service connected, state: 0x1
[  348.891102] remoteproc remoteproc1: remote processor q6v5_wcss_userpd1 is now up
[  348.891310] cnss[2]: INFO: device_id : 65532 mem mode : [2]
[  348.892428] cnss[2]: INFO: platform name: Qualcomm Technologies, Inc. IPQ5018/AP-MP02.1
[  348.892430] cnss[2]: INFO: Target capability: chip_id: 0x0, chip_family: 0x4, board_id: 0xff, soc_id: 0xffffffff, fw_version: 0x250902ab, fw_build_timestamp: 2021-06-18 04:00, otp_version: 0x0 eeprom_caldata_read_timeout 0s
[  348.892443] cnss[2]: INFO: Using Boardid from bootargs:0x10
[  348.902723] cnss[2]: INFO: BDF location : 0x4c400000
[  348.902727] cnss[2]: INFO: BDF IPQ5018/bdwlan.b10 size 131072
[  348.903902] cnss[2]: INFO: per device BDF location : 0x4c420000
[  348.904037] cnss[2]: INFO: CALDATA IPQ5018/caldata.bin size 131072 offset 0x20000
[  348.959998] cnss[2]: INFO: Waiting for FW ready. Device: 0xfffc, FW ready timeout: 15 seconds
[  348.967611] cnss[2]: INFO: FW ready received for device 0xfffc
[  348.976696] cnss[2]: INFO: Sending mode message, mode: FTM(1), state: 0x7
[  348.985857] wlan: [2185:D:dfs] WLAN_DEBUG_DFS1 : dfs_psoc_obj_create_notification: DFS obj attach to psoc successfully
[  349.015866] wlan: [2185:E:CONFIG] cfg_ini_parse_to_store: Failed to parse *.ini file @ QCA5018.ini; status:4
[  349.355795] wlan: [2206:E:TIF] init_deinit_ready_event_handler: Host Requested 137 peers. FW Supports 100 peers
[  349.361332] wlan: [2185:E:NSS] [nss-wifili]: pdev:86e00480 radio_ifnum:32 scheme_id:0 radio_priority:1 
[  349.367807] wlan: [2185:E:TIF] target_if_lro_hash_config: pdev with id 0 is NULL
[  349.374354] wlan: [2185:I:MSCS] qca_mscs_module_init: 
[  349.374354] ****QCA MSCS Initialization Done**** SoC 869c0480
[  349.382871] wlan: [2185:E:ANY] ol_ath_set_obss_pd_enable_bit: Self Spatial Reuse disabled in FTM
[  349.382935] wlan: [0:E:NSS] [nss-wifili]: NSS Wifili DBDC Repeater enable message passed
[  349.401359] wlan: [2185:E:ANY] ol_ath_set_obss_pd_enable_bit: Self Spatial Reuse disabled in FTM
[  349.410969] wlan: [2185:I:Dynamic Mode Change] ol_ath_check_and_reconfig_hw_mode: Running with HW mode = 0
[  349.418969] wlan: [2185:E:QLD] qld_register: Handle or address is NULL
[  349.427827] remoteproc remoteproc2: powering up q6v5_wcss_userpd2
[  349.437445] Subsystem error monitoring/handling services are up
[  349.440374] remoteproc remoteproc2: remote processor q6v5_wcss_userpd2 is now up
[  349.446114] cnss[41]: INFO: Waiting for FW ready. Device: 0xfffb, FW ready timeout: 15 seconds
[  349.513025] cnss[41]: INFO: QMI WLFW service connected, state: 0x1
[  349.513343] cnss[41]: INFO: device_id : 65531 mem mode : [2]
[  349.518153] cnss[41]: INFO: platform name: Qualcomm Technologies, Inc. IPQ5018/AP-MP02.1
[  349.525051] cnss[41]: INFO: Target capability: chip_id: 0x0, chip_family: 0x4, board_id: 0xff, soc_id: 0xffffffff, fw_version: 0x250902ab, fw_build_timestamp: 2021-06-18 04:00, otp_version: 0x0 eeprom_caldata_read_timeout 0s
[  349.533216] cnss[41]: INFO: Device BAR Info pa: 0x81e00000, va: 0x97600000, size: 0x200000
[  349.551924] cnss[41]: INFO: Using Boardid from bootargs:0x60
[  349.570560] cnss[41]: INFO: BDF location : 0x4d300000
[  349.570585] cnss[41]: INFO: BDF qcn6122/bdwlan.b60 size 131072
[  349.575822] cnss[41]: INFO: per device BDF location : 0x4d320000
[  349.580558] cnss[41]: INFO: CALDATA qcn6122/caldata_1.bin size 131072 offset 0x20000
[  349.666460] cnss[41]: INFO: FW ready received for device 0xfffb
[  349.666921] cnss[41]: INFO: Sending mode message, mode: FTM(1), state: 0x7
[  349.680967] wlan: [2185:D:dfs] WLAN_DEBUG_DFS1 : dfs_psoc_obj_create_notification: DFS obj attach to psoc successfully
[  349.681672] wlan: [2185:E:QDF] CONFIG creation failed
[  349.690621] wlan: [2185:E:QDF] cmdresp creation failed 0x00000000
[  350.501907] wlan: [22:E:TIF] init_deinit_ready_event_handler: Host Requested 137 peers. FW Supports 100 peers
[  350.507566] wlan: [2185:E:NSS] [nss-wifili]: pdev:861c0480 radio_ifnum:33 scheme_id:1 radio_priority:0 
[  350.513854] wlan: [2185:E:TIF] target_if_lro_hash_config: pdev with id 0 is NULL
[  350.522869] wlan: [2185:E:ANY] ol_ath_set_obss_pd_enable_bit: Self Spatial Reuse disabled in FTM
[  350.522879] wlan: [0:E:NSS] [nss-wifili]: NSS Wifili DBDC Repeater enable message passed
[  350.536471] wlan: [2185:E:ANY] ol_ath_set_obss_pd_enable_bit: Self Spatial Reuse disabled in FTM
[  350.546068] wlan: [2185:I:Dynamic Mode Change] ol_ath_check_and_reconfig_hw_mode: Running with HW mode = 0
[  350.554080] wlan: [2185:E:QLD] qld_register: Handle or address is NULL
root@VNPT:/# 
root@VNPT:/# insmod diagchar
[  350.779748] diag: IPC Logging disabled
[  350.780404] TRACK: P[0]	PMask[4]
[  350.782378] TRACK: P[1]	PMask[4]
[  350.785762] TRACK: P[2]	PMask[4]
[  350.789519] TRACK: P[3]	PMask[4]
[  350.792242] nik 4097 info->svc_id
[  350.796986] diag: Receiving feature mask length more than Apps support
[  350.798733] diag: In diag_send_feature_mask_update, control channel is not open, p: 2, 7f4c5c04
root@VNPT:/# 
root@VNPT:/# diag_socket_app -a 192.168.88.101 &
root@VNPT:/# diag_socket_log: Diag_LSM_Init succeeded.
diag_socket_log: This device does not have any remote devices
diag_socket_log: socket_count is: 1
diag: In diag_register_socket_cb, registered socket callback function
diag_socket_log: Translating address: 192.168.88.101
diag_socket_log: Trying to connect to address: 192.168.88.101, port: 2500
diag_socket_log: Successful connect to address: 192.168.88.101, port number: 2500
 logging switched 

root@VNPT:/# /etc/init.d/ftm start
**** Platform Name: ap-mp02.1 *****
896+0 records in
896+0 records out
458752 bytes (448.0KB) copied, 0.154047 seconds, 2.8MB/s
Copy ART caldata from /dev/mtdblock7 to /tmp/virtual_art.bin
root@VNPT:/# 
root@VNPT:/# ftm -n -dd &
root@VNPT:/# FTM Daemon calling LSM init
FTMDaemon: Diag_LSM_Init succesful
