


BusyBox v1.30.1 () built-in shell (ash)

o         o o         o ooooooooo  ooooooooo ooooooooo               o
o        o  oo        o o        o     o         o                   o
o       o   o o       o o        o     o         o                   o
o      o    o  o      o o        o     o         o                   o
o     o     o   o     o ooooooooo      o         o       oo     oo   o
o    o      o    o    o o              o         o      o  o   o  o  oooooo
o   o       o     o   o o              o         o     o    o o      o     o
o  o        o      o  o o              o         o     oooooo o      o     o
o o         o       o o o              o         o     o      o      o     o
oo          o        oo o              o         o      o  o   o  o  o     o
o           o         o o              o         o       oo     oo   o     o
root@VNPT:/# 
root@VNPT:/# 
root@VNPT:/# 
root@VNPT:/# 
root@VNPT:/# cat /sys/class/net/eth0/address
a4:f4:c2:0b:42:2e
root@VNPT:/# 
root@VNPT:/# wifi down
[ 2653.060252] mc_detach: disabled snooping on br-lan.
qcawificfg80211 disable radio wifi0
[ 2653.216932] device ath0 left promiscuous mode
[ 2653.217024] br-lan: port 2(ath0) entered disabled state
OK
[ 2653.293050] wlan: [0:E:ANY] ol_peer_delete_response_event_handler: peer_del_resp: mac: a4:f4:c2:0b:42:2f vdevid: 0 Unable to find vdev
[ 2654.287757] wlan: [1355:E:NSS] [nss-wifili]: sending soc stop message to NSS
[ 2654.788030] wlan: [1355:E:NSS] [nss-wifili]: calling pdev de-attach with id 0 
[ 2654.792996] wlan: [1355:E:NSS] nss-wifili: Free Host Pool Memory
[ 2654.797395] cnss[2]: INFO: Sending mode message, mode: OFF(4), state: 0x7
[ 2654.802271] wlan: [1355:E:NSS] [nss-wifili]: stop ERROR - Null nss context
[ 2654.807155] cnss[2]: INFO: QMI WLFW service disconnected, state: 0x26
[ 2654.925301] remoteproc remoteproc1: q6v5_wcss_userpd1 wcss powered down successfully
[ 2654.925337] remoteproc remoteproc1: stopped remote processor q6v5_wcss_userpd1
qcawificfg80211 disable radio wifi1
[ 2655.076929] device ath1 left promiscuous mode
[ 2655.077025] br-lan: port 3(ath1) entered disabled state
OK
[ 2655.163034] wlan: [0:E:ANY] ol_peer_delete_response_event_handler: peer_del_resp: mac: a4:f4:c2:0b:42:30 vdevid: 0 Unable to find vdev
[ 2656.160939] wlan: [1417:E:NSS] [nss-wifili]: sending soc stop message to NSS
[ 2656.661166] wlan: [1417:E:NSS] [nss-wifili]: calling pdev de-attach with id 0 
[ 2656.665881] wlan: [1417:E:NSS] nss-wifili: Free Host Pool Memory
[ 2656.671406] cnss[41]: INFO: Sending mode message, mode: OFF(4), state: 0x7
[ 2656.675548] wlan: [1417:E:NSS] [nss-wifili]: stop ERROR - Null nss context
[ 2656.680276] cnss[41]: INFO: QMI WLFW service disconnected, state: 0x26
[ 2656.843559] remoteproc remoteproc2: stopped remote processor q6v5_wcss_userpd2
[ 2656.843629] cnss[41]: INFO: Freeing BAR Info for QCN6122_1
[ 2656.865376] remoteproc remoteproc0: stopped remote processor cd00000.qcom_q6v5_wcss
device: wifi0 vifs: cfg023579
device: wifi1 vifs: cfg043579
root@VNPT:/# 
root@VNPT:/# rmmod wifi_3_0
[ 2657.238552] wlan: [1459:E:NSS] [nss-wifili]: stop ERROR - Null nss context
[ 2657.238624] wlan: [1459:E:QLD] qld_register: Handle or address is NULL
[ 2657.296802] PCIe: User of event deregistration is NULL
[ 2657.326897] wlan: [1459:E:WMI] wmi_unified_unregister_event_handler: Event id 55 is unavailable
[ 2657.326935] wlan: [1459:I:MSCS] qca_mscs_module_deinit: 
[ 2657.326935] ****QCA MSCS De-Initialization Done**** SoC 88180480
[ 2657.334451] wlan: [1459:E:WMI] wmi_unified_unregister_event_handler: Event id 141 is unavailable
[ 2657.345910] wlan: [1459:E:WMI] wmi_unified_unregister_event_handler: Event id 137 is unavailable
[ 2657.386663] wlan: [1459:E:NSS] [nss-wifili]: stop ERROR - Null nss context
[ 2657.386742] wlan: [1459:E:QLD] qld_register: Handle or address is NULL
[ 2657.486726] PCIe: User of event deregistration is NULL
[ 2657.516755] wlan: [1459:E:WMI] wmi_unified_unregister_event_handler: Event id 55 is unavailable
[ 2657.516840] wlan: [1459:E:WMI] wmi_unified_unregister_event_handler: Event id 141 is unavailable
[ 2657.524336] wlan: [1459:E:WMI] wmi_unified_unregister_event_handler: Event id 137 is unavailable
root@VNPT:/# 
root@VNPT:/# rmmod qca_ol
root@VNPT:/# 
root@VNPT:/# insmod qca_ol testmode=1
[ 2658.593966] mc_attach: enabled snooping on br-lan.
root@VNPT:/# 
root@VNPT:/# insmod wifi_3_0
[ 2659.327326] remoteproc remoteproc0: powering up cd00000.qcom_q6v5_wcss
[ 2659.363281] remoteproc remoteproc0: Booting fw image IPQ5018/q6_fw.mdt, size 1820
[ 2661.928866] Subsystem error monitoring/handling services are up
[ 2661.929173] remoteproc remoteproc0: remote processor cd00000.qcom_q6v5_wcss is now up
[ 2661.929430] rpmsg_dev_probe: No pm domain
[ 2661.929920] rpmsg_dev_probe: No pm domain
[ 2661.945634] remoteproc remoteproc1: powering up q6v5_wcss_userpd1
[ 2661.957685] q6v5_wcss_userpd1 wcss powered up successfully
[ 2661.959610] Subsystem error monitoring/handling services are up
[ 2661.961201] cnss[2]: INFO: QMI WLFW service connected, state: 0x1
[ 2661.961479] cnss[2]: INFO: device_id : 65532 mem mode : [2]
[ 2661.962556] cnss[2]: INFO: platform name: Qualcomm Technologies, Inc. IPQ5018/AP-MP02.1
[ 2661.962557] cnss[2]: INFO: Target capability: chip_id: 0x0, chip_family: 0x4, board_id: 0xff, soc_id: 0xffffffff, fw_version: 0x250902ab, fw_build_timestamp: 2021-06-18 04:00, otp_version: 0x0 eeprom_caldata_read_timeout 0s
[ 2661.962569] cnss[2]: INFO: Using Boardid from bootargs:0x10
[ 2661.972696] cnss[2]: INFO: BDF location : 0x4c400000
[ 2661.972701] cnss[2]: INFO: BDF IPQ5018/bdwlan.b10 size 131072
[ 2661.973971] cnss[2]: INFO: per device BDF location : 0x4c420000
[ 2661.974219] cnss[2]: INFO: CALDATA IPQ5018/caldata.bin size 131072 offset 0x20000
[ 2662.029476] remoteproc remoteproc1: remote processor q6v5_wcss_userpd1 is now up
[ 2662.037133] cnss[2]: INFO: Waiting for FW ready. Device: 0xfffc, FW ready timeout: 15 seconds
[ 2662.044524] cnss[2]: INFO: FW ready received for device 0xfffc
[ 2662.053534] cnss[2]: INFO: Sending mode message, mode: FTM(1), state: 0x7
[ 2662.062763] wlan: [1531:D:dfs] WLAN_DEBUG_DFS1 : dfs_psoc_obj_create_notification: DFS obj attach to psoc successfully
[ 2662.092673] wlan: [1531:E:CONFIG] cfg_ini_parse_to_store: Failed to parse *.ini file @ QCA5018.ini; status:4
[ 2662.433047] wlan: [22:E:TIF] init_deinit_ready_event_handler: Host Requested 137 peers. FW Supports 100 peers
[ 2662.438575] wlan: [1531:E:NSS] [nss-wifili]: pdev:854e0480 radio_ifnum:32 scheme_id:0 radio_priority:1 
[ 2662.445043] wlan: [1531:E:TIF] target_if_lro_hash_config: pdev with id 0 is NULL
[ 2662.451491] wlan: [1531:I:MSCS] qca_mscs_module_init: 
[ 2662.451491] ****QCA MSCS Initialization Done**** SoC 87240480
[ 2662.459930] wlan: [0:E:NSS] [nss-wifili]: NSS Wifili DBDC Repeater enable message passed
[ 2662.459940] wlan: [1531:E:ANY] ol_ath_set_obss_pd_enable_bit: Self Spatial Reuse disabled in FTM
[ 2662.459957] wlan: [1531:E:ANY] ol_ath_set_obss_pd_enable_bit: Self Spatial Reuse disabled in FTM
[ 2662.461232] wlan: [1531:I:Dynamic Mode Change] ol_ath_check_and_reconfig_hw_mode: Running with HW mode = 0
[ 2662.461833] wlan: [1531:E:QLD] qld_register: Handle or address is NULL
[ 2662.461943] remoteproc remoteproc2: powering up q6v5_wcss_userpd2
[ 2662.469690] Subsystem error monitoring/handling services are up
[ 2662.469741] remoteproc remoteproc2: remote processor q6v5_wcss_userpd2 is now up
[ 2662.469791] cnss[41]: INFO: Waiting for FW ready. Device: 0xfffb, FW ready timeout: 15 seconds
[ 2662.540582] cnss[41]: INFO: QMI WLFW service connected, state: 0x1
[ 2662.541014] cnss[41]: INFO: device_id : 65531 mem mode : [2]
[ 2662.545723] cnss[41]: INFO: platform name: Qualcomm Technologies, Inc. IPQ5018/AP-MP02.1
[ 2662.553268] cnss[41]: INFO: Target capability: chip_id: 0x0, chip_family: 0x4, board_id: 0xff, soc_id: 0xffffffff, fw_version: 0x250902ab, fw_build_timestamp: 2021-06-18 04:00, otp_version: 0x0 eeprom_caldata_read_timeout 0s
[ 2662.559771] cnss[41]: INFO: Device BAR Info pa: 0x81e00000, va: 0x97600000, size: 0x200000
[ 2662.579530] cnss[41]: INFO: Using Boardid from bootargs:0x60
[ 2662.598296] cnss[41]: INFO: BDF location : 0x4d300000
[ 2662.598321] cnss[41]: INFO: BDF qcn6122/bdwlan.b60 size 131072
[ 2662.603528] cnss[41]: INFO: per device BDF location : 0x4d320000
[ 2662.608280] cnss[41]: INFO: CALDATA qcn6122/caldata_1.bin size 131072 offset 0x20000
[ 2662.686567] cnss[41]: INFO: FW ready received for device 0xfffb
[ 2662.687006] cnss[41]: INFO: Sending mode message, mode: FTM(1), state: 0x7
[ 2662.701052] wlan: [1531:D:dfs] WLAN_DEBUG_DFS1 : dfs_psoc_obj_create_notification: DFS obj attach to psoc successfully
[ 2662.701753] wlan: [1531:E:QDF] CONFIG creation failed
[ 2662.710686] wlan: [1531:E:QDF] cmdresp creation failed 0x00000000
[ 2663.394894] wlan: [1385:E:TIF] init_deinit_ready_event_handler: Host Requested 137 peers. FW Supports 100 peers
[ 2663.400381] wlan: [1531:E:NSS] [nss-wifili]: pdev:88dc0480 radio_ifnum:33 scheme_id:1 radio_priority:0 
[ 2663.406720] wlan: [1531:E:TIF] target_if_lro_hash_config: pdev with id 0 is NULL
[ 2663.416260] wlan: [1531:E:ANY] ol_ath_set_obss_pd_enable_bit: Self Spatial Reuse disabled in FTM
[ 2663.416274] wlan: [0:E:NSS] [nss-wifili]: NSS Wifili DBDC Repeater enable message passed
[ 2663.429608] wlan: [1531:E:ANY] ol_ath_set_obss_pd_enable_bit: Self Spatial Reuse disabled in FTM
[ 2663.439019] wlan: [1531:I:Dynamic Mode Change] ol_ath_check_and_reconfig_hw_mode: Running with HW mode = 0
[ 2663.447204] wlan: [1531:E:QLD] qld_register: Handle or address is NULL
root@VNPT:/# 
root@VNPT:/# insmod diagchar
[ 2663.714101] diag: IPC Logging disabled
[ 2663.715012] TRACK: P[0]	PMask[4]
[ 2663.716790] TRACK: P[1]	PMask[4]
[ 2663.720114] TRACK: P[2]	PMask[4]
[ 2663.723942] TRACK: P[3]	PMask[4]
[ 2663.726698] nik 4097 info->svc_id
[ 2663.731102] diag: Receiving feature mask length more than Apps support
[ 2663.733066] diag: In diag_send_feature_mask_update, control channel is not open, p: 2, 7f4c5c04
root@VNPT:/# 
root@VNPT:/# diag_socket_app -a 192.168.88.101 &
root@VNPT:/# diag_socket_log: Diag_LSM_Init succeeded.
diag_socket_log: This device does not have any remote devices
diag_socket_log: socket_count is: 1
diag: In diag_register_socket_cb, registered socket callback function
diag_socket_log: Translating address: 192.168.88.101
diag_socket_log: Trying to connect to address: 192.168.88.101, port: 2500
diag_socket_log: Error calling connect: Operation already in progress, errno: 114
diag_socket_log: Error calling connect: Host is unreachable, errno: 113
diag_socket_log: Error calling connect: Operation already in progress, errno: 114
diag_socket_log: Error calling connect: Host is unreachable, errno: 113
diag_socket_log: Error calling connect: Operation already in progress, errno: 114
diag_socket_log: Error calling connect: Host is unreachable, errno: 113
diag_socket_log: Error calling connect: Operation already in progress, errno: 114
diag_socket_log: Error calling connect: Host is unreachable, errno: 113
diag_socket_log: Error calling connect: Operation already in progress, errno: 114
diag_socket_log: Error calling connect: Host is unreachable, errno: 113
diag_socket_log: Error calling connect: Operation already in progress, errno: 114
