
root@VNPT:/# 
root@VNPT:/# 
root@VNPT:/# 
root@VNPT:/# 
root@VNPT:/# cat /sys/class/net/eth0/address
a4:f4:c2:0b:42:2e
root@VNPT:/# 
root@VNPT:/# ifconfig br-lan 192.168.88.1
root@VNPT:/# 
root@VNPT:/# netmask 255.255.255.0 up
/bin/ash: netmask: not found
root@VNPT:/# 
root@VNPT:/# wifi down
[  191.604951] mc_detach: disabled snooping on br-lan.
qcawificfg80211 disable radio wifi0
[  191.736760] device ath0 left promiscuous mode
[  191.736860] br-lan: port 2(ath0) entered disabled state
OK
[  191.813786] wlan: [0:E:ANY] ol_peer_delete_response_event_handler: peer_del_resp: mac: a4:f4:c2:0b:42:2f vdevid: 0 Unable to find vdev
[  192.807604] wlan: [832:E:NSS] [nss-wifili]: sending soc stop message to NSS
[  193.308147] wlan: [832:E:NSS] [nss-wifili]: calling pdev de-attach with id 0 
[  193.313193] wlan: [832:E:NSS] nss-wifili: Free Host Pool Memory
[  193.317636] cnss[2]: INFO: Sending mode message, mode: OFF(4), state: 0x7
[  193.322052] wlan: [832:E:NSS] [nss-wifili]: stop ERROR - Null nss context
[  193.322074] cnss[2]: INFO: QMI WLFW service disconnected, state: 0x26
[  193.451844] remoteproc remoteproc1: q6v5_wcss_userpd1 wcss powered down successfully
[  193.451887] remoteproc remoteproc1: stopped remote processor q6v5_wcss_userpd1
qcawificfg80211 disable radio wifi1
[  193.606730] device ath1 left promiscuous mode
[  193.606832] br-lan: port 3(ath1) entered disabled state
OK
[  193.682950] wlan: [0:E:ANY] ol_peer_delete_response_event_handler: peer_del_resp: mac: a4:f4:c2:0b:42:30 vdevid: 0 Unable to find vdev
[  194.679912] wlan: [891:E:NSS] [nss-wifili]: sending soc stop message to NSS
[  195.180123] wlan: [891:E:NSS] [nss-wifili]: calling pdev de-attach with id 0 
[  195.184901] wlan: [891:E:NSS] nss-wifili: Free Host Pool Memory
[  195.191630] cnss[41]: INFO: Sending mode message, mode: OFF(4), state: 0x7
[  195.194131] cnss[41]: INFO: QMI WLFW service disconnected, state: 0x6
[  195.199143] wlan: [891:E:NSS] [nss-wifili]: stop ERROR - Null nss context
[  195.369068] remoteproc remoteproc2: stopped remote processor q6v5_wcss_userpd2
[  195.369138] cnss[41]: INFO: Freeing BAR Info for QCN6122_1
[  195.390642] remoteproc remoteproc0: stopped remote processor cd00000.qcom_q6v5_wcss
device: wifi0 vifs: cfg023579
device: wifi1 vifs: cfg043579
root@VNPT:/# 
root@VNPT:/# rmmod wifi_3_0
[  195.691184] wlan: [933:E:NSS] [nss-wifili]: stop ERROR - Null nss context
[  195.691256] wlan: [933:E:QLD] qld_register: Handle or address is NULL
[  195.766601] PCIe: User of event deregistration is NULL
[  195.806686] wlan: [933:E:WMI] wmi_unified_unregister_event_handler: Event id 55 is unavailable
[  195.806726] wlan: [933:I:MSCS] qca_mscs_module_deinit: 
[  195.806726] ****QCA MSCS De-Initialization Done**** SoC 88240480
[  195.814273] wlan: [933:E:WMI] wmi_unified_unregister_event_handler: Event id 141 is unavailable
[  195.825648] wlan: [933:E:WMI] wmi_unified_unregister_event_handler: Event id 137 is unavailable
[  195.856467] wlan: [933:E:NSS] [nss-wifili]: stop ERROR - Null nss context
[  195.856546] wlan: [933:E:QLD] qld_register: Handle or address is NULL
[  195.916644] PCIe: User of event deregistration is NULL
[  195.966574] wlan: [933:E:WMI] wmi_unified_unregister_event_handler: Event id 55 is unavailable
[  195.966619] wlan: [933:E:WMI] wmi_unified_unregister_event_handler: Event id 141 is unavailable
[  195.974077] wlan: [933:E:WMI] wmi_unified_unregister_event_handler: Event id 137 is unavailable
root@VNPT:/# 
root@VNPT:/# rmmod qca_ol
root@VNPT:/# 
root@VNPT:/# insmod qca_ol testmode=1
[  197.178275] mc_attach: enabled snooping on br-lan.
root@VNPT:/# 
root@VNPT:/# insmod wifi_3_0
[  197.756096] remoteproc remoteproc0: powering up cd00000.qcom_q6v5_wcss
[  197.791830] remoteproc remoteproc0: Booting fw image IPQ5018/q6_fw.mdt, size 1820
[  200.339804] Subsystem error monitoring/handling services are up
[  200.340116] remoteproc remoteproc0: remote processor cd00000.qcom_q6v5_wcss is now up
[  200.340384] rpmsg_dev_probe: No pm domain
[  200.340834] rpmsg_dev_probe: No pm domain
[  200.356598] remoteproc remoteproc1: powering up q6v5_wcss_userpd1
[  200.368604] q6v5_wcss_userpd1 wcss powered up successfully
[  200.370533] Subsystem error monitoring/handling services are up
[  200.372137] cnss[2]: INFO: QMI WLFW service connected, state: 0x1
[  200.372409] cnss[2]: INFO: device_id : 65532 mem mode : [2]
[  200.373480] cnss[2]: INFO: platform name: Qualcomm Technologies, Inc. IPQ5018/AP-MP02.1
[  200.373481] cnss[2]: INFO: Target capability: chip_id: 0x0, chip_family: 0x4, board_id: 0xff, soc_id: 0xffffffff, fw_version: 0x250902ab, fw_build_timestamp: 2021-06-18 04:00, otp_version: 0x0 eeprom_caldata_read_timeout 0s
[  200.373494] cnss[2]: INFO: Using Boardid from bootargs:0x10
[  200.383632] cnss[2]: INFO: BDF location : 0x4c400000
[  200.383637] cnss[2]: INFO: BDF IPQ5018/bdwlan.b10 size 131072
[  200.384882] cnss[2]: INFO: per device BDF location : 0x4c420000
[  200.385009] cnss[2]: INFO: CALDATA IPQ5018/caldata.bin size 131072 offset 0x20000
[  200.440377] remoteproc remoteproc1: remote processor q6v5_wcss_userpd1 is now up
[  200.448065] cnss[2]: INFO: Waiting for FW ready. Device: 0xfffc, FW ready timeout: 15 seconds
[  200.455444] cnss[2]: INFO: FW ready received for device 0xfffc
[  200.464457] cnss[2]: INFO: Sending mode message, mode: FTM(1), state: 0x7
[  200.473697] wlan: [1004:D:dfs] WLAN_DEBUG_DFS1 : dfs_psoc_obj_create_notification: DFS obj attach to psoc successfully
[  200.503890] wlan: [1004:E:CONFIG] cfg_ini_parse_to_store: Failed to parse *.ini file @ QCA5018.ini; status:4
[  200.848169] wlan: [22:E:TIF] init_deinit_ready_event_handler: Host Requested 137 peers. FW Supports 100 peers
[  200.853648] wlan: [1004:E:NSS] [nss-wifili]: pdev:859a0480 radio_ifnum:32 scheme_id:0 radio_priority:1 
[  200.860198] wlan: [1004:E:TIF] target_if_lro_hash_config: pdev with id 0 is NULL
[  200.866603] wlan: [1004:I:MSCS] qca_mscs_module_init: 
[  200.866603] ****QCA MSCS Initialization Done**** SoC 86dc0480
[  200.874995] wlan: [1004:E:ANY] ol_ath_set_obss_pd_enable_bit: Self Spatial Reuse disabled in FTM
[  200.875000] wlan: [0:E:NSS] [nss-wifili]: NSS Wifili DBDC Repeater enable message passed
[  200.893557] wlan: [1004:E:ANY] ol_ath_set_obss_pd_enable_bit: Self Spatial Reuse disabled in FTM
[  200.903189] wlan: [1004:I:Dynamic Mode Change] ol_ath_check_and_reconfig_hw_mode: Running with HW mode = 0
[  200.911212] wlan: [1004:E:QLD] qld_register: Handle or address is NULL
[  200.920046] remoteproc remoteproc2: powering up q6v5_wcss_userpd2
[  200.929734] Subsystem error monitoring/handling services are up
[  200.932542] remoteproc remoteproc2: remote processor q6v5_wcss_userpd2 is now up
[  200.938381] cnss[41]: INFO: Waiting for FW ready. Device: 0xfffb, FW ready timeout: 15 seconds
[  201.005387] cnss[41]: INFO: QMI WLFW service connected, state: 0x1
[  201.005837] cnss[41]: INFO: device_id : 65531 mem mode : [2]
[  201.010567] cnss[41]: INFO: platform name: Qualcomm Technologies, Inc. IPQ5018/AP-MP02.1
[  201.017742] cnss[41]: INFO: Target capability: chip_id: 0x0, chip_family: 0x4, board_id: 0xff, soc_id: 0xffffffff, fw_version: 0x250902ab, fw_build_timestamp: 2021-06-18 04:00, otp_version: 0x0 eeprom_caldata_read_timeout 0s
[  201.024528] cnss[41]: INFO: Device BAR Info pa: 0x81e00000, va: 0x97600000, size: 0x200000
[  201.044571] cnss[41]: INFO: Using Boardid from bootargs:0x60
[  201.063121] cnss[41]: INFO: BDF location : 0x4d300000
[  201.063147] cnss[41]: INFO: BDF qcn6122/bdwlan.b60 size 131072
[  201.068480] cnss[41]: INFO: per device BDF location : 0x4d320000
[  201.073062] cnss[41]: INFO: CALDATA qcn6122/caldata_1.bin size 131072 offset 0x20000
[  201.166376] cnss[41]: INFO: FW ready received for device 0xfffb
[  201.166836] cnss[41]: INFO: Sending mode message, mode: FTM(1), state: 0x7
[  201.180656] wlan: [1004:D:dfs] WLAN_DEBUG_DFS1 : dfs_psoc_obj_create_notification: DFS obj attach to psoc successfully
[  201.181369] wlan: [1004:E:QDF] CONFIG creation failed
[  201.190296] wlan: [1004:E:QDF] cmdresp creation failed 0x00000000
[  202.001286] wlan: [22:E:TIF] init_deinit_ready_event_handler: Host Requested 137 peers. FW Supports 100 peers
[  202.006829] wlan: [1004:E:NSS] [nss-wifili]: pdev:87220480 radio_ifnum:33 scheme_id:1 radio_priority:0 
[  202.013257] wlan: [1004:E:TIF] target_if_lro_hash_config: pdev with id 0 is NULL
[  202.022602] wlan: [1004:E:ANY] ol_ath_set_obss_pd_enable_bit: Self Spatial Reuse disabled in FTM
[  202.022718] wlan: [0:E:NSS] [nss-wifili]: NSS Wifili DBDC Repeater enable message passed
[  202.035815] wlan: [1004:E:ANY] ol_ath_set_obss_pd_enable_bit: Self Spatial Reuse disabled in FTM
[  202.045519] wlan: [1004:I:Dynamic Mode Change] ol_ath_check_and_reconfig_hw_mode: Running with HW mode = 0
[  202.053490] wlan: [1004:E:QLD] qld_register: Handle or address is NULL
root@VNPT:/# 
root@VNPT:/# insmod diagchar
[  202.291921] diag: IPC Logging disabled
[  202.292589] TRACK: P[0]	PMask[4]
[  202.294552] TRACK: P[1]	PMask[4]
[  202.297988] TRACK: P[2]	PMask[4]
[  202.301472] TRACK: P[3]	PMask[4]
[  202.304414] nik 4097 info->svc_id
[  202.309190] diag: Receiving feature mask length more than Apps support
[  202.310960] diag: In diag_send_feature_mask_update, control channel is not open, p: 2, 7f4c5c04
root@VNPT:/# 
root@VNPT:/# diag_socket_app -a 192.168.88.101 &
root@VNPT:/# diag_socket_log: Diag_LSM_Init succeeded.
diag_socket_log: This device does not have any remote devices
diag_socket_log: socket_count is: 1
diag: In diag_register_socket_cb, registered socket callback function
diag_socket_log: Translating address: 192.168.88.101
diag_socket_log: Trying to connect to address: 192.168.88.101, port: 2500
diag_socket_log: Successful connect to address: 192.168.88.101, [  204.516744] diag: In crc_check, invalid packet or length, buf: 0x86a50000, len: 1
port number: 2500
 logging switched 
[  204.520806] diag: In diag_process_hdlc_pkt, bad CRC. Dropping packet
[  204.532097] diag: In diag_process_hdlc_pkt, bad CRC. Dropping packet
[  204.538383] diag: In crc_check, invalid packet or length, buf: 0x86a50000, len: 1
[  204.544586] diag: In diag_process_hdlc_pkt, bad CRC. Dropping packet
[  204.551994] diag: In diag_process_hdlc_pkt, bad CRC. Dropping packet

root@VNPT:/# /etc/init.d/ftm start
**** Platform Name: ap-mp02.1 *****
896+0 records in
896+0 records out
458752 bytes (448.0KB) copied, 0.151334 seconds, 2.9MB/s
Copy ART caldata from /dev/mtdblock7 to /tmp/virtual_art.bin
root@VNPT:/# 
root@VNPT:/# ftm -n -dd &
root@VNPT:/# FTM Daemon calling LSM init
FTMDaemon: Diag_LSM_Init succesful
