
root@VNPT:/# 
root@VNPT:/# 
root@VNPT:/# 
root@VNPT:/# 
root@VNPT:/# cat /sys/class/net/eth0/address
a4:f4:c2:0b:42:2e
root@VNPT:/# 
root@VNPT:/# wifi down
[ 9386.677615] mc_detach: disabled snooping on br-lan.
qcawificfg80211 disable radio wifi0
qcawificfg80211 disable radio wifi1
device: wifi0 vifs: cfg023579
device: wifi1 vifs: cfg043579
root@VNPT:/# 
root@VNPT:/# rmmod wifi_3_0
[ 9387.629655] wlan: [3574:E:NSS] [nss-wifili]: sending soc stop message to NSS
[ 9388.147748] wlan: [3574:E:NSS] [nss-wifili]: sending soc stop message to NSS
[ 9388.648009] wlan: [3574:E:NSS] [nss-wifili]: calling pdev de-attach with id 0 
[ 9388.652926] wlan: [3574:E:NSS] nss-wifili: Free Host Pool Memory
[ 9388.654160] wlan: [3574:E:QLD] qld_register: Handle or address is NULL
[ 9388.766910] PCIe: User of event deregistration is NULL
[ 9388.806871] wlan: [3574:E:WMI] wmi_unified_unregister_event_handler: Event id 55 is unavailable
[ 9388.806906] wlan: [3574:I:MSCS] qca_mscs_module_deinit: 
[ 9388.806906] ****QCA MSCS De-Initialization Done**** SoC 85040480
[ 9388.814385] wlan: [3574:E:WMI] wmi_unified_unregister_event_handler: Event id 141 is unavailable
[ 9388.825908] wlan: [3574:E:WMI] wmi_unified_unregister_event_handler: Event id 137 is unavailable
[ 9388.837717] cnss[2]: INFO: Sending mode message, mode: OFF(4), state: 0x7
[ 9388.845581] cnss[2]: INFO: QMI WLFW service disconnected, state: 0x6
[ 9389.005003] remoteproc remoteproc1: q6v5_wcss_userpd1 wcss powered down successfully
[ 9389.005036] remoteproc remoteproc1: stopped remote processor q6v5_wcss_userpd1
[ 9389.046791] wlan: [3574:E:NSS] [nss-wifili]: sending soc stop message to NSS
[ 9389.547765] wlan: [3574:E:NSS] [nss-wifili]: sending soc stop message to NSS
[ 9390.047942] wlan: [3574:E:NSS] [nss-wifili]: calling pdev de-attach with id 0 
[ 9390.052783] wlan: [3574:E:NSS] nss-wifili: Free Host Pool Memory
[ 9390.054107] wlan: [3574:E:QLD] qld_register: Handle or address is NULL
[ 9390.206893] PCIe: User of event deregistration is NULL
[ 9390.266832] wlan: [3574:E:WMI] wmi_unified_unregister_event_handler: Event id 55 is unavailable
[ 9390.266875] wlan: [3574:E:WMI] wmi_unified_unregister_event_handler: Event id 141 is unavailable
[ 9390.274369] wlan: [3574:E:WMI] wmi_unified_unregister_event_handler: Event id 137 is unavailable
[ 9390.287341] cnss[41]: INFO: Sending mode message, mode: OFF(4), state: 0x7
[ 9390.294293] cnss[41]: INFO: QMI WLFW service disconnected, state: 0x6
[ 9390.469365] remoteproc remoteproc2: stopped remote processor q6v5_wcss_userpd2
[ 9390.469431] cnss[41]: INFO: Freeing BAR Info for QCN6122_1
[ 9390.492479] remoteproc remoteproc0: stopped remote processor cd00000.qcom_q6v5_wcss
root@VNPT:/# 
root@VNPT:/# rmmod qca_ol
root@VNPT:/# 
root@VNPT:/# insmod qca_ol testmode=1
root@VNPT:/# 
root@VNPT:/# insmod wifi_3_0
[ 9391.972488] remoteproc remoteproc0: powering up cd00000.qcom_q6v5_wcss
[ 9391.972654] remoteproc remoteproc0: Booting fw image IPQ5018/q6_fw.mdt, size 1820
[ 9392.124442] Subsystem error monitoring/handling services are up
[ 9392.206873] remoteproc remoteproc0: remote processor cd00000.qcom_q6v5_wcss is now up
[ 9392.206984] remoteproc remoteproc1: powering up q6v5_wcss_userpd1
[ 9392.207154] rpmsg_dev_probe: No pm domain
[ 9392.207631] rpmsg_dev_probe: No pm domain
[ 9392.217331] diag: Receiving feature mask length more than Apps support
[ 9392.235824] q6v5_wcss_userpd1 wcss powered up successfully
[ 9392.237788] Subsystem error monitoring/handling services are up
[ 9392.240513] cnss[2]: INFO: QMI WLFW service connected, state: 0x1
[ 9392.256696] remoteproc remoteproc1: remote processor q6v5_wcss_userpd1 is now up
[ 9392.256762] cnss[2]: INFO: Waiting for FW ready. Device: 0xfffc, FW ready timeout: 15 seconds
[ 9392.263228] cnss[2]: INFO: device_id : 65532 mem mode : [2]
[ 9392.271603] cnss[2]: INFO: platform name: Qualcomm Technologies, Inc. IPQ5018/AP-MP02.1
[ 9392.287535] cnss[2]: INFO: Target capability: chip_id: 0x0, chip_family: 0x4, board_id: 0xff, soc_id: 0xffffffff, fw_version: 0x250902ab, fw_build_timestamp: 2021-06-18 04:00, otp_version: 0x0 eeprom_caldata_read_timeout 0s
[ 9392.287588] cnss[2]: INFO: Using Boardid from bootargs:0x10
[ 9392.326888] cnss[2]: INFO: BDF location : 0x4c400000
[ 9392.326911] cnss[2]: INFO: BDF IPQ5018/bdwlan.b10 size 131072
[ 9392.331692] cnss[2]: INFO: per device BDF location : 0x4c420000
[ 9392.336836] cnss[2]: INFO: CALDATA IPQ5018/caldata.bin size 131072 offset 0x20000
[ 9392.366677] cnss[2]: INFO: FW ready received for device 0xfffc
[ 9392.367293] cnss[2]: INFO: Sending mode message, mode: FTM(1), state: 0x7
[ 9392.375376] wlan: [3629:D:dfs] WLAN_DEBUG_DFS1 : dfs_psoc_obj_create_notification: DFS obj attach to psoc successfully
[ 9392.378614] wlan: [3629:E:CONFIG] cfg_ini_parse_to_store: Failed to parse *.ini file @ QCA5018.ini; status:4
[ 9392.760173] wlan: [6:E:TIF] init_deinit_ready_event_handler: Host Requested 137 peers. FW Supports 100 peers
[ 9392.765723] wlan: [3629:E:NSS] [nss-wifili]: pdev:86bc0480 radio_ifnum:28 scheme_id:0 radio_priority:1 
[ 9392.772969] wlan: [3629:E:TIF] target_if_lro_hash_config: pdev with id 0 is NULL
[ 9392.778533] wlan: [3629:I:MSCS] qca_mscs_module_init: 
[ 9392.778533] ****QCA MSCS Initialization Done**** SoC 86100480
[ 9392.786942] wlan: [0:E:NSS] [nss-wifili]: NSS Wifili DBDC Repeater enable message passed
[ 9392.786977] wlan: [3629:E:ANY] ol_ath_set_obss_pd_enable_bit: Self Spatial Reuse disabled in FTM
[ 9392.786996] wlan: [3629:E:ANY] ol_ath_set_obss_pd_enable_bit: Self Spatial Reuse disabled in FTM
[ 9392.788258] wlan: [3629:I:Dynamic Mode Change] ol_ath_check_and_reconfig_hw_mode: Running with HW mode = 0
[ 9392.788862] wlan: [3629:E:QLD] qld_register: Handle or address is NULL
[ 9392.788973] remoteproc remoteproc2: powering up q6v5_wcss_userpd2
[ 9392.838288] Subsystem error monitoring/handling services are up
[ 9392.844463] remoteproc remoteproc2: remote processor q6v5_wcss_userpd2 is now up
[ 9392.850211] cnss[41]: INFO: Waiting for FW ready. Device: 0xfffb, FW ready timeout: 15 seconds
[ 9392.867803] cnss[41]: INFO: QMI WLFW service connected, state: 0x1
[ 9392.868148] cnss[41]: INFO: device_id : 65531 mem mode : [2]
[ 9392.872877] cnss[41]: INFO: platform name: Qualcomm Technologies, Inc. IPQ5018/AP-MP02.1
[ 9392.885622] cnss[41]: INFO: Target capability: chip_id: 0x0, chip_family: 0x4, board_id: 0xff, soc_id: 0xffffffff, fw_version: 0x250902ab, fw_build_timestamp: 2021-06-18 04:00, otp_version: 0x0 eeprom_caldata_read_timeout 0s
[ 9392.897254] cnss[41]: INFO: Device BAR Info pa: 0x81e00000, va: 0x9a680000, size: 0x200000
[ 9392.906694] cnss[41]: INFO: Using Boardid from bootargs:0x60
[ 9392.915097] cnss[41]: INFO: BDF location : 0x4d300000
[ 9392.920582] cnss[41]: INFO: BDF qcn6122/bdwlan.b60 size 131072
[ 9392.934699] cnss[41]: INFO: per device BDF location : 0x4d320000
[ 9392.934851] cnss[41]: INFO: CALDATA qcn6122/caldata_1.bin size 131072 offset 0x20000
[ 9392.967237] cnss[41]: INFO: FW ready received for device 0xfffb
[ 9392.967910] cnss[41]: INFO: Sending mode message, mode: FTM(1), state: 0x7
[ 9392.982016] wlan: [3629:D:dfs] WLAN_DEBUG_DFS1 : dfs_psoc_obj_create_notification: DFS obj attach to psoc successfully
[ 9392.982636] wlan: [3629:E:QDF] CONFIG creation failed
[ 9392.991661] wlan: [3629:E:QDF] cmdresp creation failed 0x00000000
[ 9393.652383] wlan: [3632:E:TIF] init_deinit_ready_event_handler: Host Requested 137 peers. FW Supports 100 peers
[ 9393.658251] wlan: [3629:E:NSS] [nss-wifili]: pdev:85b40480 radio_ifnum:29 scheme_id:1 radio_priority:0 
[ 9393.664518] wlan: [3629:E:TIF] target_if_lro_hash_config: pdev with id 0 is NULL
[ 9393.679654] wlan: [3629:E:ANY] ol_ath_set_obss_pd_enable_bit: Self Spatial Reuse disabled in FTM
[ 9393.679667] wlan: [0:E:NSS] [nss-wifili]: NSS Wifili DBDC Repeater enable message passed
[ 9393.687595] wlan: [3629:E:ANY] ol_ath_set_obss_pd_enable_bit: Self Spatial Reuse disabled in FTM
[ 9393.697259] wlan: [3629:I:Dynamic Mode Change] ol_ath_check_and_reconfig_hw_mode: Running with HW mode = 0
[ 9393.705073] wlan: [3629:E:QLD] qld_register: Handle or address is NULL
root@VNPT:/# 
root@VNPT:/# insmod diagchar
module is already loaded - diagchar
root@VNPT:/# 
root@VNPT:/# diag_socket_app -a 192.168.88.101 &
root@VNPT:/# diag_socket_log: Diag_LSM_Init succeeded.
diag_socket_log: This device does not have any remote devices
diag_socket_log: socket_count is: 1
diag: In diag_register_socket_cb, registered socket callback function
diag_socket_log: Translating address: 192.168.88.101
diag_socket_log: Trying to connect to address: 192.168.88.101, port: 2500
diag_socket_log: Error calling connect: Operation already in progress, errno: 114
diag_socket_log: Error calling connect: Operation already in progress, errno: 114
diag_socket_log: Error calling connect: Operation already in progress, errno: 114
diag_socket_log: Error calling connect: Operation already in progress, errno: 114
diag_socket_log: Error calling connect: Operation already in progress, errno: 114
diag_socket_log: Error calling connect: Operation already in progress, errno: 114
diag_socket_log: Error calling connect: Operation already in progress, errno: 114
diag_socket_log: Error calling connect: Operation already in progress, errno: 114
diag_socket_log: Error calling connect: Host is unreachable, errno: 113
diag_socket_log: Error calling connect: Operation already in progress, errno: 114
diag_socket_log: Error calling connect: Host is unreachable, errno: 113
diag_socket_log: Error calling connect: Operation already in progress, errno: 114
diag_socket_log: Error calling connect: Host is unreachable, errno: 113
