
root@VNPT:/# 
root@VNPT:/# 
root@VNPT:/# 
root@VNPT:/# 
root@VNPT:/# cat /sys/class/net/eth0/address
a4:f4:c2:0b:42:2e
root@VNPT:/# 
root@VNPT:/# ifconfig br-lan 192.168.88.1
root@VNPT:/# 
root@VNPT:/# netmask 255.255.255.0 up
/bin/ash: netmask: not found
root@VNPT:/# 
root@VNPT:/# wifi down
[  107.677533] mc_detach: disabled snooping on br-lan.
qcawificfg80211 disable radio wifi0
qcawificfg80211 disable radio wifi1
device: wifi0 vifs: cfg023579
device: wifi1 vifs: cfg043579
root@VNPT:/# 
root@VNPT:/# rmmod wifi_3_0
[  108.679621] wlan: [359:E:NSS] [nss-wifili]: sending soc stop message to NSS
[  109.180532] wlan: [359:E:NSS] [nss-wifili]: sending soc stop message to NSS
[  109.680708] wlan: [359:E:NSS] [nss-wifili]: calling pdev de-attach with id 0 
[  109.685544] wlan: [359:E:NSS] nss-wifili: Free Host Pool Memory
[  109.686924] wlan: [359:E:QLD] qld_register: Handle or address is NULL
[  109.816826] PCIe: User of event deregistration is NULL
[  109.856878] wlan: [359:E:WMI] wmi_unified_unregister_event_handler: Event id 55 is unavailable
[  109.856913] wlan: [359:I:MSCS] qca_mscs_module_deinit: 
[  109.856913] ****QCA MSCS De-Initialization Done**** SoC 855c0480
[  109.864392] wlan: [359:E:WMI] wmi_unified_unregister_event_handler: Event id 141 is unavailable
[  109.875796] wlan: [359:E:WMI] wmi_unified_unregister_event_handler: Event id 137 is unavailable
[  109.887221] cnss[2]: INFO: Sending mode message, mode: OFF(4), state: 0x7
[  109.894885] cnss[2]: INFO: QMI WLFW service disconnected, state: 0x6
[  110.044120] remoteproc remoteproc1: q6v5_wcss_userpd1 wcss powered down successfully
[  110.044153] remoteproc remoteproc1: stopped remote processor q6v5_wcss_userpd1
[  110.086679] wlan: [359:E:NSS] [nss-wifili]: sending soc stop message to NSS
[  110.587619] wlan: [359:E:NSS] [nss-wifili]: sending soc stop message to NSS
[  111.087749] wlan: [359:E:NSS] [nss-wifili]: calling pdev de-attach with id 0 
[  111.092601] wlan: [359:E:NSS] nss-wifili: Free Host Pool Memory
[  111.093899] wlan: [359:E:QLD] qld_register: Handle or address is NULL
[  111.276812] PCIe: User of event deregistration is NULL
[  111.326869] wlan: [359:E:WMI] wmi_unified_unregister_event_handler: Event id 55 is unavailable
[  111.326937] wlan: [359:E:WMI] wmi_unified_unregister_event_handler: Event id 141 is unavailable
[  111.334389] wlan: [359:E:WMI] wmi_unified_unregister_event_handler: Event id 137 is unavailable
[  111.346487] cnss[41]: INFO: Sending mode message, mode: OFF(4), state: 0x7
[  111.353757] cnss[41]: INFO: QMI WLFW service disconnected, state: 0x6
[  111.555555] remoteproc remoteproc2: stopped remote processor q6v5_wcss_userpd2
[  111.555622] cnss[41]: INFO: Freeing BAR Info for QCN6122_1
[  111.592196] remoteproc remoteproc0: stopped remote processor cd00000.qcom_q6v5_wcss
root@VNPT:/# 
root@VNPT:/# rmmod qca_ol
root@VNPT:/# 
root@VNPT:/# insmod qca_ol testmode=1
root@VNPT:/# 
root@VNPT:/# insmod wifi_3_0
[  113.062452] remoteproc remoteproc0: powering up cd00000.qcom_q6v5_wcss
[  113.062616] remoteproc remoteproc0: Booting fw image IPQ5018/q6_fw.mdt, size 1820
[  113.204424] Subsystem error monitoring/handling services are up
[  113.286852] remoteproc remoteproc0: remote processor cd00000.qcom_q6v5_wcss is now up
[  113.286972] remoteproc remoteproc1: powering up q6v5_wcss_userpd1
[  113.301850] q6v5_wcss_userpd1 wcss powered up successfully
[  113.302396] rpmsg_dev_probe: No pm domain
[  113.306246] Subsystem error monitoring/handling services are up
[  113.310869] rpmsg_dev_probe: No pm domain
[  113.326651] remoteproc remoteproc1: remote processor q6v5_wcss_userpd1 is now up
[  113.326714] cnss[2]: INFO: Waiting for FW ready. Device: 0xfffc, FW ready timeout: 15 seconds
[  113.333571] cnss[2]: INFO: QMI WLFW service connected, state: 0x1
[  113.342063] diag: Receiving feature mask length more than Apps support
[  113.347804] cnss[2]: INFO: device_id : 65532 mem mode : [2]
[  113.354078] cnss[2]: INFO: platform name: Qualcomm Technologies, Inc. IPQ5018/AP-MP02.1
[  113.377475] cnss[2]: INFO: Target capability: chip_id: 0x0, chip_family: 0x4, board_id: 0xff, soc_id: 0xffffffff, fw_version: 0x250902ab, fw_build_timestamp: 2021-06-18 04:00, otp_version: 0x0 eeprom_caldata_read_timeout 0s
[  113.377530] cnss[2]: INFO: Using Boardid from bootargs:0x10
[  113.416838] cnss[2]: INFO: BDF location : 0x4c400000
[  113.416862] cnss[2]: INFO: BDF IPQ5018/bdwlan.b10 size 131072
[  113.421575] cnss[2]: INFO: per device BDF location : 0x4c420000
[  113.426697] cnss[2]: INFO: CALDATA IPQ5018/caldata.bin size 131072 offset 0x20000
[  113.546624] cnss[2]: INFO: FW ready received for device 0xfffc
[  113.547221] cnss[2]: INFO: Sending mode message, mode: FTM(1), state: 0x7
[  113.555412] wlan: [415:D:dfs] WLAN_DEBUG_DFS1 : dfs_psoc_obj_create_notification: DFS obj attach to psoc successfully
[  113.558475] wlan: [415:E:CONFIG] cfg_ini_parse_to_store: Failed to parse *.ini file @ QCA5018.ini; status:4
[  113.936220] wlan: [417:E:TIF] init_deinit_ready_event_handler: Host Requested 137 peers. FW Supports 100 peers
[  113.941868] wlan: [415:E:NSS] [nss-wifili]: pdev:86a60480 radio_ifnum:28 scheme_id:0 radio_priority:1 
[  113.949162] wlan: [415:E:TIF] target_if_lro_hash_config: pdev with id 0 is NULL
[  113.966872] wlan: [415:I:MSCS] qca_mscs_module_init: 
[  113.966872] ****QCA MSCS Initialization Done**** SoC 86180480
[  113.968186] wlan: [0:E:NSS] [nss-wifili]: NSS Wifili DBDC Repeater enable message passed
[  113.976659] wlan: [415:E:ANY] ol_ath_set_obss_pd_enable_bit: Self Spatial Reuse disabled in FTM
[  113.984880] wlan: [415:E:ANY] ol_ath_set_obss_pd_enable_bit: Self Spatial Reuse disabled in FTM
[  113.994648] wlan: [415:I:Dynamic Mode Change] ol_ath_check_and_reconfig_hw_mode: Running with HW mode = 0
[  114.002619] wlan: [415:E:QLD] qld_register: Handle or address is NULL
[  114.011842] remoteproc remoteproc2: powering up q6v5_wcss_userpd2
[  114.021370] Subsystem error monitoring/handling services are up
[  114.035135] remoteproc remoteproc2: remote processor q6v5_wcss_userpd2 is now up
[  114.035208] cnss[41]: INFO: Waiting for FW ready. Device: 0xfffb, FW ready timeout: 15 seconds
[  114.096994] cnss[41]: INFO: QMI WLFW service connected, state: 0x1
[  114.097399] cnss[41]: INFO: device_id : 65531 mem mode : [2]
[  114.102138] cnss[41]: INFO: platform name: Qualcomm Technologies, Inc. IPQ5018/AP-MP02.1
[  114.117536] cnss[41]: INFO: Target capability: chip_id: 0x0, chip_family: 0x4, board_id: 0xff, soc_id: 0xffffffff, fw_version: 0x250902ab, fw_build_timestamp: 2021-06-18 04:00, otp_version: 0x0 eeprom_caldata_read_timeout 0s
[  114.117903] cnss[41]: INFO: Device BAR Info pa: 0x81e00000, va: 0x9a680000, size: 0x200000
[  114.136776] cnss[41]: INFO: Using Boardid from bootargs:0x60
[  114.166344] cnss[41]: INFO: BDF location : 0x4d300000
[  114.166370] cnss[41]: INFO: BDF qcn6122/bdwlan.b60 size 131072
[  114.177136] cnss[41]: INFO: per device BDF location : 0x4d320000
[  114.177286] cnss[41]: INFO: CALDATA qcn6122/caldata_1.bin size 131072 offset 0x20000
[  114.256660] cnss[41]: INFO: FW ready received for device 0xfffb
[  114.257195] cnss[41]: INFO: Sending mode message, mode: FTM(1), state: 0x7
[  114.271312] wlan: [415:D:dfs] WLAN_DEBUG_DFS1 : dfs_psoc_obj_create_notification: DFS obj attach to psoc successfully
[  114.271932] wlan: [415:E:QDF] CONFIG creation failed
[  114.280991] wlan: [415:E:QDF] cmdresp creation failed 0x00000000
[  115.037158] wlan: [220:E:TIF] init_deinit_ready_event_handler: Host Requested 137 peers. FW Supports 100 peers
[  115.042746] wlan: [415:E:NSS] [nss-wifili]: pdev:84a60480 radio_ifnum:29 scheme_id:1 radio_priority:0 
[  115.049509] wlan: [415:E:TIF] target_if_lro_hash_config: pdev with id 0 is NULL
[  115.063948] wlan: [0:E:NSS] [nss-wifili]: NSS Wifili DBDC Repeater enable message passed
[  115.064006] wlan: [415:E:ANY] ol_ath_set_obss_pd_enable_bit: Self Spatial Reuse disabled in FTM
[  115.071449] wlan: [415:E:ANY] ol_ath_set_obss_pd_enable_bit: Self Spatial Reuse disabled in FTM
[  115.081431] wlan: [415:I:Dynamic Mode Change] ol_ath_check_and_reconfig_hw_mode: Running with HW mode = 0
[  115.089244] wlan: [415:E:QLD] qld_register: Handle or address is NULL
root@VNPT:/# 
root@VNPT:/# insmod diagchar
module is already loaded - diagchar
root@VNPT:/# 
root@VNPT:/# diag_socket_app -a 192.168.88.101 &
root@VNPT:/# diag_socket_log: Diag_LSM_Init succeeded.
diag_socket_log: This device does not have any remote devices
diag_socket_log: socket_count is: 1
diag: In diag_register_socket_cb, registered socket callback function
diag_socket_log: Translating address: 192.168.88.101
diag_socket_log: Trying to connect to address: 192.168.88.101, port: 2500
diag_socket_log: Successful connect to address: 192.168.88.101, port number: 2500
diag: unable to switch logging mode to 5, err: -1, errno: 22
diag_socket_log: Peer closed connection. Trying to recover connection
diag: no actual logging switch required
diag_socket_log: Translating address: 192.168.88.101
diag_socket_log: Trying to connect to address: 192.168.88.101, port: 2500

root@VNPT:/# /etc/init.d/ftm start
**** Platform Name: ap-mp02.1 *****
896+0 records in
896+0 records out
458752 bytes (448.0KB) copied, 0.150918 seconds, 2.9MB/s
Copy ART caldata from /dev/mtdblock7 to /tmp/virtual_art.bin
root@VNPT:/# 
root@VNPT:/# ftm -n -dd &
root@VNPT:/# FTM Daemon calling LSM init
FTMDaemon: Diag_LSM_Init succesful
