


BusyBox v1.30.1 () built-in shell (ash)

o         o o         o ooooooooo  ooooooooo ooooooooo               o
o        o  oo        o o        o     o         o                   o
o       o   o o       o o        o     o         o                   o
o      o    o  o      o o        o     o         o                   o
o     o     o   o     o ooooooooo      o         o       oo     oo   o
o    o      o    o    o o              o         o      o  o   o  o  oooooo
o   o       o     o   o o              o         o     o    o o      o     o
o  o        o      o  o o              o         o     oooooo o      o     o
o o         o       o o o              o         o     o      o      o     o
oo          o        oo o              o         o      o  o   o  o  o     o
o           o         o o              o         o       oo     oo   o     o
root@VNPT:/# 
root@VNPT:/# 
root@VNPT:/# 
root@VNPT:/# 
root@VNPT:/# cat /sys/class/net/eth0/address
a4:f4:c2:0b:42:2e
root@VNPT:/# 
root@VNPT:/# wifi down
[   73.889400] mc_detach: disabled snooping on br-lan.
qcawificfg80211 disable radio wifi0
[   74.036929] device ath0 left promiscuous mode
[   74.037071] br-lan: port 2(ath0) entered disabled state
OK
[   74.123017] wlan: [0:E:ANY] ol_peer_delete_response_event_handler: peer_del_resp: mac: a4:f4:c2:0b:42:2f vdevid: 0 Unable to find vdev
[   75.117789] wlan: [3694:E:NSS] [nss-wifili]: sending soc stop message to NSS
[   75.617968] wlan: [3694:E:NSS] [nss-wifili]: calling pdev de-attach with id 0 
[   75.622807] wlan: [3694:E:NSS] nss-wifili: Free Host Pool Memory
[   75.627311] cnss[2]: INFO: Sending mode message, mode: OFF(4), state: 0x7
[   75.632191] wlan: [3694:E:NSS] [nss-wifili]: stop ERROR - Null nss context
[   75.637095] cnss[2]: INFO: QMI WLFW service disconnected, state: 0x26
[   75.754835] remoteproc remoteproc1: q6v5_wcss_userpd1 wcss powered down successfully
[   75.754868] remoteproc remoteproc1: stopped remote processor q6v5_wcss_userpd1
qcawificfg80211 disable radio wifi1
[   75.896917] device ath1 left promiscuous mode
[   75.897015] br-lan: port 3(ath1) entered disabled state
OK
[   75.973514] wlan: [0:E:ANY] ol_peer_delete_response_event_handler: peer_del_resp: mac: a4:f4:c2:0b:42:30 vdevid: 0 Unable to find vdev
[   76.970183] wlan: [3747:E:NSS] [nss-wifili]: sending soc stop message to NSS
[   77.470429] wlan: [3747:E:NSS] [nss-wifili]: calling pdev de-attach with id 0 
[   77.475249] wlan: [3747:E:NSS] nss-wifili: Free Host Pool Memory
[   77.480527] cnss[41]: INFO: Sending mode message, mode: OFF(4), state: 0x7
[   77.484776] cnss[41]: INFO: QMI WLFW service disconnected, state: 0x6
[   77.484859] wlan: [3747:E:NSS] [nss-wifili]: stop ERROR - Null nss context
[   77.648339] remoteproc remoteproc2: stopped remote processor q6v5_wcss_userpd2
[   77.648406] cnss[41]: INFO: Freeing BAR Info for QCN6122_1
[   77.670069] remoteproc remoteproc0: stopped remote processor cd00000.qcom_q6v5_wcss
device: wifi0 vifs: cfg023579
device: wifi1 vifs: cfg043579
root@VNPT:/# 
root@VNPT:/# rmmod wifi_3_0
[   77.974743] wlan: [3789:E:NSS] [nss-wifili]: stop ERROR - Null nss context
[   77.974838] wlan: [3789:E:QLD] qld_register: Handle or address is NULL
[   78.096750] PCIe: User of event deregistration is NULL
[   78.146793] wlan: [3789:E:WMI] wmi_unified_unregister_event_handler: Event id 55 is unavailable
[   78.146828] wlan: [3789:I:MSCS] qca_mscs_module_deinit: 
[   78.146828] ****QCA MSCS De-Initialization Done**** SoC 88240480
[   78.154352] wlan: [3789:E:WMI] wmi_unified_unregister_event_handler: Event id 141 is unavailable
[   78.165806] wlan: [3789:E:WMI] wmi_unified_unregister_event_handler: Event id 137 is unavailable
[   78.196605] wlan: [3789:E:NSS] [nss-wifili]: stop ERROR - Null nss context
[   78.196682] wlan: [3789:E:QLD] qld_register: Handle or address is NULL
[   78.266736] PCIe: User of event deregistration is NULL
[   78.306772] wlan: [3789:E:WMI] wmi_unified_unregister_event_handler: Event id 55 is unavailable
[   78.306825] wlan: [3789:E:WMI] wmi_unified_unregister_event_handler: Event id 141 is unavailable
[   78.314348] wlan: [3789:E:WMI] wmi_unified_unregister_event_handler: Event id 137 is unavailable
root@VNPT:/# 
root@VNPT:/# rmmod qca_ol
root@VNPT:/# 
root@VNPT:/# insmod qca_ol testmode=1
[   79.415508] mc_attach: enabled snooping on br-lan.
root@VNPT:/# 
root@VNPT:/# insmod wifi_3_0
[   80.166018] remoteproc remoteproc0: powering up cd00000.qcom_q6v5_wcss
[   80.202209] remoteproc remoteproc0: Booting fw image IPQ5018/q6_fw.mdt, size 1820
[   82.762311] Subsystem error monitoring/handling services are up
[   82.762623] remoteproc remoteproc0: remote processor cd00000.qcom_q6v5_wcss is now up
[   82.762875] rpmsg_dev_probe: No pm domain
[   82.763176] rpmsg_dev_probe: No pm domain
[   82.779097] remoteproc remoteproc1: powering up q6v5_wcss_userpd1
[   82.791112] q6v5_wcss_userpd1 wcss powered up successfully
[   82.793045] Subsystem error monitoring/handling services are up
[   82.794628] cnss[2]: INFO: QMI WLFW service connected, state: 0x1
[   82.801402] remoteproc remoteproc1: remote processor q6v5_wcss_userpd1 is now up
[   82.801510] cnss[2]: INFO: device_id : 65532 mem mode : [2]
[   82.808578] cnss[2]: INFO: platform name: Qualcomm Technologies, Inc. IPQ5018/AP-MP02.1
[   82.808580] cnss[2]: INFO: Target capability: chip_id: 0x0, chip_family: 0x4, board_id: 0xff, soc_id: 0xffffffff, fw_version: 0x250902ab, fw_build_timestamp: 2021-06-18 04:00, otp_version: 0x0 eeprom_caldata_read_timeout 0s
[   82.808592] cnss[2]: INFO: Using Boardid from bootargs:0x10
[   82.818345] cnss[2]: INFO: BDF location : 0x4c400000
[   82.818351] cnss[2]: INFO: BDF IPQ5018/bdwlan.b10 size 131072
[   82.819519] cnss[2]: INFO: per device BDF location : 0x4c420000
[   82.819645] cnss[2]: INFO: CALDATA IPQ5018/caldata.bin size 131072 offset 0x20000
[   82.870272] cnss[2]: INFO: Waiting for FW ready. Device: 0xfffc, FW ready timeout: 15 seconds
[   82.877883] cnss[2]: INFO: FW ready received for device 0xfffc
[   82.886957] cnss[2]: INFO: Sending mode message, mode: FTM(1), state: 0x7
[   82.896109] wlan: [3860:D:dfs] WLAN_DEBUG_DFS1 : dfs_psoc_obj_create_notification: DFS obj attach to psoc successfully
[   82.926118] wlan: [3860:E:CONFIG] cfg_ini_parse_to_store: Failed to parse *.ini file @ QCA5018.ini; status:4
[   83.266077] wlan: [220:E:TIF] init_deinit_ready_event_handler: Host Requested 137 peers. FW Supports 100 peers
[   83.271670] wlan: [3860:E:NSS] [nss-wifili]: pdev:869c0480 radio_ifnum:32 scheme_id:0 radio_priority:1 
[   83.277861] wlan: [3860:E:TIF] target_if_lro_hash_config: pdev with id 0 is NULL
[   83.284581] wlan: [3860:I:MSCS] qca_mscs_module_init: 
[   83.284581] ****QCA MSCS Initialization Done**** SoC 85740480
[   83.293106] wlan: [3860:E:ANY] ol_ath_set_obss_pd_enable_bit: Self Spatial Reuse disabled in FTM
[   83.293136] wlan: [0:E:NSS] [nss-wifili]: NSS Wifili DBDC Repeater enable message passed
[   83.311552] wlan: [3860:E:ANY] ol_ath_set_obss_pd_enable_bit: Self Spatial Reuse disabled in FTM
[   83.321222] wlan: [3860:I:Dynamic Mode Change] ol_ath_check_and_reconfig_hw_mode: Running with HW mode = 0
[   83.329205] wlan: [3860:E:QLD] qld_register: Handle or address is NULL
[   83.338021] remoteproc remoteproc2: powering up q6v5_wcss_userpd2
[   83.347621] Subsystem error monitoring/handling services are up
[   83.350543] remoteproc remoteproc2: remote processor q6v5_wcss_userpd2 is now up
[   83.356300] cnss[41]: INFO: Waiting for FW ready. Device: 0xfffb, FW ready timeout: 15 seconds
[   83.423174] cnss[41]: INFO: QMI WLFW service connected, state: 0x1
[   83.423501] cnss[41]: INFO: device_id : 65531 mem mode : [2]
[   83.428328] cnss[41]: INFO: platform name: Qualcomm Technologies, Inc. IPQ5018/AP-MP02.1
[   83.435498] cnss[41]: INFO: Target capability: chip_id: 0x0, chip_family: 0x4, board_id: 0xff, soc_id: 0xffffffff, fw_version: 0x250902ab, fw_build_timestamp: 2021-06-18 04:00, otp_version: 0x0 eeprom_caldata_read_timeout 0s
[   83.442399] cnss[41]: INFO: Device BAR Info pa: 0x81e00000, va: 0x97600000, size: 0x200000
[   83.462116] cnss[41]: INFO: Using Boardid from bootargs:0x60
[   83.480413] cnss[41]: INFO: BDF location : 0x4d300000
[   83.480441] cnss[41]: INFO: BDF qcn6122/bdwlan.b60 size 131072
[   83.485603] cnss[41]: INFO: per device BDF location : 0x4d320000
[   83.490407] cnss[41]: INFO: CALDATA qcn6122/caldata_1.bin size 131072 offset 0x20000
[   83.576534] cnss[41]: INFO: FW ready received for device 0xfffb
[   83.576995] cnss[41]: INFO: Sending mode message, mode: FTM(1), state: 0x7
[   83.590953] wlan: [3860:D:dfs] WLAN_DEBUG_DFS1 : dfs_psoc_obj_create_notification: DFS obj attach to psoc successfully
[   83.591646] wlan: [3860:E:QDF] CONFIG creation failed
[   83.600624] wlan: [3860:E:QDF] cmdresp creation failed 0x00000000
[   84.285772] wlan: [220:E:TIF] init_deinit_ready_event_handler: Host Requested 137 peers. FW Supports 100 peers
[   84.291414] wlan: [3860:E:NSS] [nss-wifili]: pdev:89140480 radio_ifnum:33 scheme_id:1 radio_priority:0 
[   84.298364] wlan: [3860:E:TIF] target_if_lro_hash_config: pdev with id 0 is NULL
[   84.311542] wlan: [0:E:NSS] [nss-wifili]: NSS Wifili DBDC Repeater enable message passed
[   84.312309] wlan: [3860:E:ANY] ol_ath_set_obss_pd_enable_bit: Self Spatial Reuse disabled in FTM
[   84.320156] wlan: [3860:E:ANY] ol_ath_set_obss_pd_enable_bit: Self Spatial Reuse disabled in FTM
[   84.333623] wlan: [3860:I:Dynamic Mode Change] ol_ath_check_and_reconfig_hw_mode: Running with HW mode = 0
[   84.338101] wlan: [3860:E:QLD] qld_register: Handle or address is NULL
root@VNPT:/# 
root@VNPT:/# insmod diagchar
[   84.571031] diag: IPC Logging disabled
[   84.571922] TRACK: P[0]	PMask[4]
[   84.573676] TRACK: P[1]	PMask[4]
[   84.577094] TRACK: P[2]	PMask[4]
[   84.580793] TRACK: P[3]	PMask[4]
[   84.583552] nik 4097 info->svc_id
[   84.588094] diag: Receiving feature mask length more than Apps support
[   84.589919] diag: In diag_send_feature_mask_update, control channel is not open, p: 2, 7f4c5c04
root@VNPT:/# 
root@VNPT:/# diag_socket_app -a 192.168.88.101 &
root@VNPT:/# diag_socket_log: Diag_LSM_Init succeeded.
diag_socket_log: This device does not have any remote devices
diag_socket_log: socket_count is: 1
diag: In diag_register_socket_cb, registered socket callback function
diag_socket_log: Translating address: 192.168.88.101
diag_socket_log: Trying to connect to address: 192.168.88.101, port: 2500
diag_socket_log: Error calling connect: Operation already in progress, errno: 114
diag_socket_log: Error calling connect: Host is unreachable, errno: 113
diag_socket_log: Error calling connect: Operation already in progress, errno: 114
diag_socket_log: Error calling connect: Host is unreachable, errno: 113
diag_socket_log: Error calling connect: Operation already in progress, errno: 114
diag_socket_log: Error calling connect: Host is unreachable, errno: 113
diag_socket_log: Error calling connect: Operation already in progress, errno: 114
diag_socket_log: Error calling connect: Host is unreachable, errno: 113
diag_socket_log: Error calling connect: Operation already in progress, errno: 114
diag_socket_log: Error calling connect: Host is unreachable, errno: 113
diag_socket_log: Error calling connect: Operation already in progress, errno: 114
