
root@VNPT:/# 
root@VNPT:/# 
root@VNPT:/# 
root@VNPT:/# 
root@VNPT:/# cat /sys/class/net/eth0/address
a4:f4:c2:0b:42:2e
root@VNPT:/# 
root@VNPT:/# ifconfig br-lan 192.168.88.1
root@VNPT:/# 
root@VNPT:/# netmask 255.255.255.0 up
/bin/ash: netmask: not found
root@VNPT:/# 
root@VNPT:/# wifi down
[  378.267708] mc_detach: disabled snooping on br-lan.
qcawificfg80211 disable radio wifi0
qcawificfg80211 disable radio wifi1
device: wifi0 vifs: cfg023579
device: wifi1 vifs: cfg043579
root@VNPT:/# 
root@VNPT:/# rmmod wifi_3_0
[  379.239431] wlan: [2206:E:NSS] [nss-wifili]: sending soc stop message to NSS
[  379.742642] wlan: [2206:E:NSS] [nss-wifili]: sending soc stop message to NSS
[  380.242932] wlan: [2206:E:NSS] [nss-wifili]: calling pdev de-attach with id 0 
[  380.248031] wlan: [2206:E:NSS] nss-wifili: Free Host Pool Memory
[  380.249086] wlan: [2206:E:QLD] qld_register: Handle or address is NULL
[  380.386590] PCIe: User of event deregistration is NULL
[  380.426610] wlan: [2206:E:WMI] wmi_unified_unregister_event_handler: Event id 55 is unavailable
[  380.426646] wlan: [2206:I:MSCS] qca_mscs_module_deinit: 
[  380.426646] ****QCA MSCS De-Initialization Done**** SoC 86dc0480
[  380.434125] wlan: [2206:E:WMI] wmi_unified_unregister_event_handler: Event id 141 is unavailable
[  380.445612] wlan: [2206:E:WMI] wmi_unified_unregister_event_handler: Event id 137 is unavailable
[  380.457614] cnss[2]: INFO: Sending mode message, mode: OFF(4), state: 0x7
[  380.465249] cnss[2]: INFO: QMI WLFW service disconnected, state: 0x6
[  380.614686] remoteproc remoteproc1: q6v5_wcss_userpd1 wcss powered down successfully
[  380.614721] remoteproc remoteproc1: stopped remote processor q6v5_wcss_userpd1
[  380.676439] wlan: [2206:E:NSS] [nss-wifili]: sending soc stop message to NSS
[  381.177427] wlan: [2206:E:NSS] [nss-wifili]: sending soc stop message to NSS
[  381.677680] wlan: [2206:E:NSS] [nss-wifili]: calling pdev de-attach with id 0 
[  381.682483] wlan: [2206:E:NSS] nss-wifili: Free Host Pool Memory
[  381.683831] wlan: [2206:E:QLD] qld_register: Handle or address is NULL
[  381.826643] PCIe: User of event deregistration is NULL
[  381.876555] wlan: [2206:E:WMI] wmi_unified_unregister_event_handler: Event id 55 is unavailable
[  381.876599] wlan: [2206:E:WMI] wmi_unified_unregister_event_handler: Event id 141 is unavailable
[  381.884058] wlan: [2206:E:WMI] wmi_unified_unregister_event_handler: Event id 137 is unavailable
[  381.896674] cnss[41]: INFO: Sending mode message, mode: OFF(4), state: 0x7
[  381.904018] cnss[41]: INFO: QMI WLFW service disconnected, state: 0x6
[  382.090202] remoteproc remoteproc2: stopped remote processor q6v5_wcss_userpd2
[  382.090269] cnss[41]: INFO: Freeing BAR Info for QCN6122_1
[  382.122063] remoteproc remoteproc0: stopped remote processor cd00000.qcom_q6v5_wcss
root@VNPT:/# 
root@VNPT:/# rmmod qca_ol
root@VNPT:/# 
root@VNPT:/# insmod qca_ol testmode=1
root@VNPT:/# 
root@VNPT:/# insmod wifi_3_0
[  383.463590] remoteproc remoteproc0: powering up cd00000.qcom_q6v5_wcss
[  383.463759] remoteproc remoteproc0: Booting fw image IPQ5018/q6_fw.mdt, size 1820
[  383.579952] Subsystem error monitoring/handling services are up
[  383.580259] remoteproc remoteproc0: remote processor cd00000.qcom_q6v5_wcss is now up
[  383.580547] rpmsg_dev_probe: No pm domain
[  383.581018] rpmsg_dev_probe: No pm domain
[  383.596570] diag: Receiving feature mask length more than Apps support
[  383.600710] remoteproc remoteproc1: powering up q6v5_wcss_userpd1
[  383.615172] q6v5_wcss_userpd1 wcss powered up successfully
[  383.617121] Subsystem error monitoring/handling services are up
[  383.618728] cnss[2]: INFO: QMI WLFW service connected, state: 0x1
[  383.618985] cnss[2]: INFO: device_id : 65532 mem mode : [2]
[  383.620051] cnss[2]: INFO: platform name: Qualcomm Technologies, Inc. IPQ5018/AP-MP02.1
[  383.620052] cnss[2]: INFO: Target capability: chip_id: 0x0, chip_family: 0x4, board_id: 0xff, soc_id: 0xffffffff, fw_version: 0x250902ab, fw_build_timestamp: 2021-06-18 04:00, otp_version: 0x0 eeprom_caldata_read_timeout 0s
[  383.620064] cnss[2]: INFO: Using Boardid from bootargs:0x10
[  383.620451] cnss[2]: INFO: BDF location : 0x4c400000
[  383.620455] cnss[2]: INFO: BDF IPQ5018/bdwlan.b10 size 131072
[  383.621186] cnss[2]: INFO: per device BDF location : 0x4c420000
[  383.621311] cnss[2]: INFO: CALDATA IPQ5018/caldata.bin size 131072 offset 0x20000
[  383.726426] remoteproc remoteproc1: remote processor q6v5_wcss_userpd1 is now up
[  383.726501] cnss[2]: INFO: Waiting for FW ready. Device: 0xfffc, FW ready timeout: 15 seconds
[  383.732937] cnss[2]: INFO: FW ready received for device 0xfffc
[  383.756382] cnss[2]: INFO: Sending mode message, mode: FTM(1), state: 0x7
[  383.760492] wlan: [2261:D:dfs] WLAN_DEBUG_DFS1 : dfs_psoc_obj_create_notification: DFS obj attach to psoc successfully
[  383.762283] wlan: [2261:E:CONFIG] cfg_ini_parse_to_store: Failed to parse *.ini file @ QCA5018.ini; status:4
[  384.136025] wlan: [1108:E:TIF] init_deinit_ready_event_handler: Host Requested 137 peers. FW Supports 100 peers
[  384.141683] wlan: [2261:E:NSS] [nss-wifili]: pdev:86160480 radio_ifnum:28 scheme_id:0 radio_priority:1 
[  384.149063] wlan: [2261:E:TIF] target_if_lro_hash_config: pdev with id 0 is NULL
[  384.157206] wlan: [2261:I:MSCS] qca_mscs_module_init: 
[  384.157206] ****QCA MSCS Initialization Done**** SoC 86380480
[  384.163284] wlan: [0:E:NSS] [nss-wifili]: NSS Wifili DBDC Repeater enable message passed
[  384.172908] wlan: [2261:E:ANY] ol_ath_set_obss_pd_enable_bit: Self Spatial Reuse disabled in FTM
[  384.181112] wlan: [2261:E:ANY] ol_ath_set_obss_pd_enable_bit: Self Spatial Reuse disabled in FTM
[  384.191109] wlan: [2261:I:Dynamic Mode Change] ol_ath_check_and_reconfig_hw_mode: Running with HW mode = 0
[  384.199232] wlan: [2261:E:QLD] qld_register: Handle or address is NULL
[  384.208177] remoteproc remoteproc2: powering up q6v5_wcss_userpd2
[  384.217468] Subsystem error monitoring/handling services are up
[  384.286507] remoteproc remoteproc2: remote processor q6v5_wcss_userpd2 is now up
[  384.286586] cnss[41]: INFO: Waiting for FW ready. Device: 0xfffb, FW ready timeout: 15 seconds
[  384.293387] cnss[41]: INFO: QMI WLFW service connected, state: 0x1
[  384.306485] cnss[41]: INFO: device_id : 65531 mem mode : [2]
[  384.307581] cnss[41]: INFO: platform name: Qualcomm Technologies, Inc. IPQ5018/AP-MP02.1
[  384.329891] cnss[41]: INFO: Target capability: chip_id: 0x0, chip_family: 0x4, board_id: 0xff, soc_id: 0xffffffff, fw_version: 0x250902ab, fw_build_timestamp: 2021-06-18 04:00, otp_version: 0x0 eeprom_caldata_read_timeout 0s
[  384.330204] cnss[41]: INFO: Device BAR Info pa: 0x81e00000, va: 0x9a680000, size: 0x200000
[  384.349148] cnss[41]: INFO: Using Boardid from bootargs:0x60
[  384.390259] cnss[41]: INFO: BDF location : 0x4d300000
[  384.390285] cnss[41]: INFO: BDF qcn6122/bdwlan.b60 size 131072
[  384.400189] cnss[41]: INFO: per device BDF location : 0x4d320000
[  384.400453] cnss[41]: INFO: CALDATA qcn6122/caldata_1.bin size 131072 offset 0x20000
[  384.506505] cnss[41]: INFO: FW ready received for device 0xfffb
[  384.506988] cnss[41]: INFO: Sending mode message, mode: FTM(1), state: 0x7
[  384.521108] wlan: [2261:D:dfs] WLAN_DEBUG_DFS1 : dfs_psoc_obj_create_notification: DFS obj attach to psoc successfully
[  384.521776] wlan: [2261:E:QDF] CONFIG creation failed
[  384.530806] wlan: [2261:E:QDF] cmdresp creation failed 0x00000000
[  385.329209] wlan: [1108:E:TIF] init_deinit_ready_event_handler: Host Requested 137 peers. FW Supports 100 peers
[  385.335378] wlan: [2261:E:NSS] [nss-wifili]: pdev:85e60480 radio_ifnum:29 scheme_id:1 radio_priority:0 
[  385.341639] wlan: [2261:E:TIF] target_if_lro_hash_config: pdev with id 0 is NULL
[  385.360066] wlan: [2261:E:ANY] ol_ath_set_obss_pd_enable_bit: Self Spatial Reuse disabled in FTM
[  385.360107] wlan: [0:E:NSS] [nss-wifili]: NSS Wifili DBDC Repeater enable message passed
[  385.368123] wlan: [2261:E:ANY] ol_ath_set_obss_pd_enable_bit: Self Spatial Reuse disabled in FTM
[  385.377900] wlan: [2261:I:Dynamic Mode Change] ol_ath_check_and_reconfig_hw_mode: Running with HW mode = 0
[  385.385589] wlan: [2261:E:QLD] qld_register: Handle or address is NULL
root@VNPT:/# 
root@VNPT:/# insmod diagchar
module is already loaded - diagchar
root@VNPT:/# 
root@VNPT:/# diag_socket_app -a 192.168.88.101 &
root@VNPT:/# diag_socket_log: Diag_LSM_Init succeeded.
diag_socket_log: This device does not have any remote devices
diag_socket_log: socket_count is: 1
diag: In diag_register_socket_cb, registered socket callback function
diag_socket_log: Translating address: 192.168.88.101
diag_socket_log: Trying to connect to address: 192.168.88.101, port: 2500
diag_socket_log: Successful connect to address: 192.168.88.101, port number: 2500
diag: unable to switch logging mode to 5, err: -1, errno: 22
diag_socket_log: Peer closed connection. Trying to recover connection
diag: no actual logging switch required
diag_socket_log: Translating address: 192.168.88.101
diag_socket_log: Trying to connect to address: 192.168.88.101, port: 2500

root@VNPT:/# /etc/init.d/ftm start
**** Platform Name: ap-mp02.1 *****
896+0 records in
896+0 records out
458752 bytes (448.0KB) copied, 0.149751 seconds, 2.9MB/s
Copy ART caldata from /dev/mtdblock7 to /tmp/virtual_art.bin
root@VNPT:/# 
root@VNPT:/# ftm -n -dd &
root@VNPT:/# FTM Daemon calling LSM init
FTMDaemon: Diag_LSM_Init succesful
